[rectnglescrcles.framer.media/index.html]
[backblue.gif]
[fade.gif]
[index.html]
[framerusercontent.com/images/VOH0WxS1FoC1WLNOjYlrQB1CXzQ.jpg]
[rectnglescrcles.framer.media/produt-list.html]
[rectnglescrcles.framer.media/about.html]
[framerusercontent.com/images/gbgWRndtCRx7BWCLmXNdHe3moSw.jpg]
[rectnglescrcles.framer.media/blog-list.html]
[framerusercontent.com/images/51zkehXJgFvnOd9QMLEHkJTQ.jpg]
[framerusercontent.com/images/lvdhwK1xVdXkZz6OYsV7OZtTkWs.jpg]
[rectnglescrcles.framer.media/work-product-page/zapex-markets.html]
[framerusercontent.com/images/k0k3OIBebvQA12kZ8ht2ilO5u0.jpg]
[rectnglescrcles.framer.media/work-product-page/axis.html]
[framerusercontent.com/images/x38PO4SNYeqRJIqHeTEI02S7qPQ.jpg]
[rectnglescrcles.framer.media/work-product-page/spectra.html]
[framerusercontent.com/images/L6Y7Re0JkcETIfvoU8GdRIxI3zI.jpg]
[rectnglescrcles.framer.media/work-product-page/eclipse.html]
[framerusercontent.com/images/5eUbYrZSv2PuqCiNKTx1XuVS6g8.jpg]
[rectnglescrcles.framer.media/work-product-page/digitalcommerce.html]
[framerusercontent.com/images/B0BgFaXPPHjJQ3iKBSWzmefV4.png]
[rectnglescrcles.framer.media/work-product-page/healthtech.html]
[framerusercontent.com/images/iQGSZ1IikQR2ZBNpjgUucAJaE.jpg]
[framerusercontent.com/images/ZNS1VMXVKuWg2ND27HEH3ujEQ.jpg]
[framerusercontent.com/images/kr6MFSAtpfmvUZJ2irzze3xfde4.jpg]
[rectnglescrcles.framer.media/index.html]
[framerusercontent.com/images/lxTw4jqwO2KKzhQlLxPm4Q67G0.jpg]
[rectnglescrcles.framer.media/produt-list.html]
[framerusercontent.com/images/HN0DS79dxAYBDkUI34peL9ebcN8.jpg]
[rectnglescrcles.framer.media/about.html]
[rectnglescrcles.framer.media/blog-list.html]
[rectnglescrcles.framer.media/blog.html]
[framerusercontent.com/images/JmbWn0P5Z4x8AAYr8ZmpPXpLK3Q.jpg]
[framerusercontent.com/images/51zkehXJgFvnOd9QMLEHkJTQa3fc.jpg]
[rectnglescrcles.framer.media/work-product-page/zapex-markets.html]
[framerusercontent.com/images/AtU0Gp67joKACDELaBtQXk.jpg]
[framerusercontent.com/images/LoshvITR90liVZVTK0SP55zx5yI.jpg]
[framerusercontent.com/images/7FyfAErTQVA8OZJFujKjIIdfWOU.jpg]
[rectnglescrcles.framer.media/work-product-page/axis.html]
[rectnglescrcles.framer.media/work-product-page/spectra.html]
[rectnglescrcles.framer.media/work-product-page/eclipse.html]
[rectnglescrcles.framer.media/work-product-page/digitalcommerce.html]
[rectnglescrcles.framer.media/work-product-page/healthtech.html]
[framerusercontent.com/images/B0BgFaXPPHjJQ3iKBSWzmefV49ae5.png]
[rectnglescrcles.framer.media/blog.html]
